[www.reneston.com/index.html]
[static.parastorage.com/unpkg/core-js-bundle@3.2.1/minified.js]
[static.parastorage.com/unpkg/focus-within-polyfill@5.0.9/dist/focus-within-polyfill.js]
[polyfill.io/v3/polyfill.mind82c.js]
[www.reneston.com/decodeURIComponent(e]
[browser.sentry-cdn.com/5.21.4/bundle.min.js]
[static.parastorage.com/services/santa-resources/resources/viewer/editorUI/fonts.v10.png]
[backblue.gif]
[fade.gif]
[index.html]
[www.reneston.com/_api/v2/dynamicmodel.json]
[static.parastorage.com/services/chat-worker/1.430.0/viewer-script.bundle.min.js]
[static.parastorage.com/services/wix-thunderbolt/dist/clientWorker.b5ddae51.bundle.min.js]
[static.parastorage.com/services/wix-form-builder/1.3666.0/viewer-app.bundle.min.js]
[static.parastorage.com/services/wix-form-builder/1.3666.0/editor-app.bundle.min.js]
[static.parastorage.com/services/editor-elements/dist/componentSdks.65a2b677.bundle.min.js]
[static.parastorage.com/services/editor-elements/1.2928.0/componentSSRSdks.bundle.js]
[www.reneston.com/sitemap.xml]
[www.reneston.com/wix-thunderbolt/dist/index.html]
[www.reneston.com/feed.xml]
[static.parastorage.com/services/editor-elements/dist/siteAssets.1a273c50.chunk.min.js]
[static.parastorage.com/services/editor-elements/dist/webpack-runtime.94f770e3.bundle.min.js]
[static.parastorage.com/services/wix-thunderbolt/dist/bootstrap-features.3d47055b.chunk.min.js]
[static.parastorage.com/unpkg/lodash@4.17.15/lodash.min.js]
[static.parastorage.com/services/wix-thunderbolt/dist/main.689f50b0.chunk.min.js]
[www.reneston.com/$&/index.html]
[static.parastorage.com/services/wix-thunderbolt/dist/wix-code-sdk-providers.379b3987.chunk.min.js]
[static.parastorage.com/services/wix-thunderbolt/dist/siteMembers.45a20381.chunk.min.js]
[static.parastorage.com/services/wix-thunderbolt/dist/siteScrollBlocker.c8d12511.chunk.min.js]
[static.parastorage.com/services/wix-thunderbolt/dist/tpaCommons.e9e0837c.chunk.min.js]
[www.reneston.com/_partials/index.html]
[static.parastorage.com/services/wix-thunderbolt/dist/windowMessageRegistrar.94fe3dc0.chunk.min.js]
[static.parastorage.com/services/wix-thunderbolt/dist/platform.b7afe2b2.chunk.min.js]
[static.parastorage.com/services/wix-thunderbolt/dist/vendors_vendor-react-dom.f9bf9bd1.chunk.min.js]
[static.parastorage.com/services/wix-thunderbolt/dist/vendor-react-dom.5a11925f.chunk.min.js]
[static.parastorage.com/services/tag-manager-client/1.186.0/siteTags.bundle.min.js]
[static.parastorage.com/services/editor-elements/dist/thunderboltElements.ad4707fa.bundle.min.js]
[static.parastorage.com/services/wix-perf-measure/1.258.0/wix-perf-measure.bundle.min.js]
[static.parastorage.com/services/wix-thunderbolt/dist/activePopup.30b686e9.chunk.min.js]
[static.parastorage.com/services/wix-thunderbolt/dist/dropdownMenu.f59ef953.chunk.min.js]
[static.parastorage.com/services/wix-thunderbolt/dist/navigation.55c6161b.chunk.min.js]
[static.parastorage.com/services/wix-thunderbolt/dist/ooiTpaSharedConfig.d3433447.chunk.min.js]
[static.parastorage.com/services/wix-thunderbolt/dist/pageScroll.1910147b.chunk.min.js]
[static.parastorage.com/services/wix-thunderbolt/dist/platformPubsub.f9f22272.chunk.min.js]
[static.parastorage.com/services/wix-thunderbolt/dist/scrollRestoration.618ed33d.chunk.min.js]
[static.parastorage.com/services/wix-thunderbolt/dist/scrollToAnchor.ea1d1af9.chunk.min.js]
[static.parastorage.com/services/wix-thunderbolt/dist/tpa.bd7c5b1f.chunk.min.js]
[static.parastorage.com/services/wix-thunderbolt/dist/windowScroll.05e69e2c.chunk.min.js]
[static.parastorage.com/services/wix-thunderbolt/dist/backgroundScrub.8f0b2fc9.chunk.min.js]
[static.parastorage.com/services/wix-thunderbolt/dist/pageAnchors.43bdd5cd.chunk.min.js]
[static.parastorage.com/services/wix-thunderbolt/dist/pageTransitions.92b524b5.chunk.min.js]
[static.parastorage.com/services/wix-thunderbolt/dist/screenIn.c1e10a41.chunk.min.js]
[static.parastorage.com/services/wix-thunderbolt/dist/verticalMenu.2d4f5941.chunk.min.js]
[static.parastorage.com/services/editor-elements/dist/bootstrap-components.571a35f2.chunk.min.js]
[static.parastorage.com/services/editor-elements/dist/FiveGridLine.d1611c63.chunk.min.js]
[static.parastorage.com/services/editor-elements/dist/VerticalAnchorsMenu_VerticalAnchorsMenuSymbolWithHiddenTextSkin.8d27935d.chunk.min.js]
[static.parastorage.com/services/editor-elements/dist/AppWidget.ce368c57.chunk.min.js]
[static.parastorage.com/services/editor-elements/dist/FormContainer_FormContainerSkin.592b51cc.chunk.min.js]
[static.parastorage.com/services/editor-elements/dist/common-site-members-dialogs.79039ef2.chunk.min.js]
[static.parastorage.com/services/editor-elements/dist/TextInput.f4a00346.chunk.min.js]
[static.parastorage.com/services/editor-elements/dist/TextAreaInput.f072bf45.chunk.min.js]
[static.parastorage.com/services/editor-elements/dist/PinnedLayer.45697b77.chunk.min.js]
[static.parastorage.com/services/editor-elements/dist/DropDownMenu_TextOnlyMenuButtonSkin.e4b71792.chunk.min.js]
[static.parastorage.com/services/wix-thunderbolt/dist/tpa-components.0399e5b8.chunk.min.js]
[www.reneston.com/crypto-processing.html]
[www.reneston.com/licensed-broker.html]
[www.reneston.com/index.html]
[www.reneston.com/decodeURIComponent(e.html]
[www.reneston.com/wix-thunderbolt/dist/index.html]
[www.reneston.com/feed.html]
[www.reneston.com/$&/index.html]
[www.reneston.com/_partials/index.html]
[www.reneston.com/consulting.html]
[www.reneston.com/crypto-processing.html]
[www.reneston.com/licensed-broker.html]
[www.reneston.com/consulting.html]
[www.reneston.com/; $Path=/; XSRF-TOKEN=1603890630_yM0a7VGIVCvo; $Path=/; SameSite=None; $Path=/; hs=1939496597; $Path=/; svSession=c8ccdb17d95927393896fe4da504e93584b/index.html]
[www.reneston.com/copy-of-marketing-strategy.html]
[www.reneston.com/copy-of-marketing-strategy.html]
[www.reneston.com/;-$Path=/;-XSRF-TOKEN=1603890630_yM0a7VGIVCvo;-$Path=/;-SameSite=None;-$Path=/;-hs=1939496597;-$Path=/;-svSession=c8ccdb17d95927393896fe4da504e93584b25a582fcae152a1509cd09dbf56267e438347]
[www.reneston.com/;-$Path=]
[www.reneston.com/; $Path=/index.html]
[www.reneston.com/;-$Path=/;-XSRF-TOKEN=1603890630_yM0a7VGIVCvo;-$Path=/;-SameSite=None;-$Path=/;-hs=1939496597;-$Path=/;-svSession=c8ccdb17d95927393896fe4da504e93584b25a582fcae152a1509cd09dbf56267e438347]
[www.reneston.com/;-$Path=.html]
